// Jest Snapshot v1, https://goo.gl/fbAQLP

exports[`1 В каталоге должны отображаться товары, список которых приходит с сервера 1`] = `
<table
  class="Cart-Table table"
>
  <thead>
    <tr>
      <th
        scope="col"
      >
        #
      </th>
      <th
        scope="col"
      >
        Product
      </th>
      <th
        scope="col"
      >
        Price
      </th>
      <th
        scope="col"
      >
        Count
      </th>
      <th
        scope="col"
      >
        Total
      </th>
    </tr>
  </thead>
  <tbody>
    <tr
      data-testid="1"
    >
      <th
        class="Cart-Index"
        scope="row"
      >
        1
      </th>
      <td
        class="Cart-Name"
      >
        Pants
      </td>
      <td
        class="Cart-Price"
      >
        $
        1102
      </td>
      <td
        class="Cart-Count"
      >
        3
      </td>
      <td
        class="Cart-Total"
      >
        $
        3306
      </td>
    </tr>
    <tr
      data-testid="2"
    >
      <th
        class="Cart-Index"
        scope="row"
      >
        2
      </th>
      <td
        class="Cart-Name"
      >
        Chair
      </td>
      <td
        class="Cart-Price"
      >
        $
        200
      </td>
      <td
        class="Cart-Count"
      >
        1
      </td>
      <td
        class="Cart-Total"
      >
        $
        200
      </td>
    </tr>
  </tbody>
  <tfoot>
    <tr>
      <td
        colspan="4"
      >
        Order price:
      </td>
      <td
        class="Cart-OrderPrice"
      >
        $
        3506
      </td>
    </tr>
  </tfoot>
</table>
`;
